  },
  codePrefix: 'app'
}
Γ¥î Error initializing app friendzone_001: FirebaseAppError: Failed to parse service account json file: SyntaxError: Unexpected end of JSON input
    at ServiceAccount.fromPath (/home/ubuntu/node_modules/firebase-admin/lib/app/credential-internal.js:153:19)
    at new ServiceAccountCredential (/home/ubuntu/node_modules/firebase-admin/lib/app/credential-internal.js:117:28)
    at Object.cert (/home/ubuntu/node_modules/firebase-admin/lib/app/credential-factory.js:105:54)
    at TenantManager.initialize (/home/ubuntu/tenantManager.js:29:54)
    at Object.<anonymous> (/home/ubuntu/index.js:13:15)
    at Module._compile (node:internal/modules/cjs/loader:1364:14)
    at Module._extensions..js (node:internal/modules/cjs/loader:1422:10)
    at Module.load (node:internal/modules/cjs/loader:1203:32)
    at Module._load (node:internal/modules/cjs/loader:1019:12)
    at Object.<anonymous> (/usr/lib/node_modules/pm2/lib/ProcessContainerFork.js:33:23) {
  errorInfo: {
    code: 'app/invalid-credential',
    message: 'Failed to parse service account json file: SyntaxError: Unexpected end of JSON input'
  },
  codePrefix: 'app'
}
